------------------------------------------------------------
Timing Analyzer Summary
------------------------------------------------------------

Type  : Slow 1200mV 85C Model Setup 'clk1'
Slack : -11.011
TNS   : -125.762

Type  : Slow 1200mV 85C Model Hold 'clk1'
Slack : 0.306
TNS   : 0.000

Type  : Slow 1200mV 85C Model Recovery 'clk1'
Slack : 2.101
TNS   : 0.000

Type  : Slow 1200mV 85C Model Removal 'clk1'
Slack : 2.828
TNS   : 0.000

Type  : Slow 1200mV 85C Model Minimum Pulse Width 'clk1'
Slack : 3.239
TNS   : 0.000

Type  : Slow 1200mV 0C Model Setup 'clk1'
Slack : -10.209
TNS   : -92.622

Type  : Slow 1200mV 0C Model Hold 'clk1'
Slack : 0.277
TNS   : 0.000

Type  : Slow 1200mV 0C Model Recovery 'clk1'
Slack : 2.248
TNS   : 0.000

Type  : Slow 1200mV 0C Model Removal 'clk1'
Slack : 2.853
TNS   : 0.000

Type  : Slow 1200mV 0C Model Minimum Pulse Width 'clk1'
Slack : 3.239
TNS   : 0.000

Type  : Fast 1200mV 0C Model Setup 'clk1'
Slack : 0.947
TNS   : 0.000

Type  : Fast 1200mV 0C Model Hold 'clk1'
Slack : 0.107
TNS   : 0.000

Type  : Fast 1200mV 0C Model Recovery 'clk1'
Slack : 3.528
TNS   : 0.000

Type  : Fast 1200mV 0C Model Removal 'clk1'
Slack : 2.120
TNS   : 0.000

Type  : Fast 1200mV 0C Model Minimum Pulse Width 'clk1'
Slack : 3.273
TNS   : 0.000

------------------------------------------------------------
